// Jest Snapshot v1, https://goo.gl/fbAQLP

exports[`SearchResults component Matches snapshot 1`] = `
[
  <p
    className="blue"
  >
    3
     results found
  </p>,
  <ul
    className="list"
  >
    <li>
      <div
        className="result"
      >
        <a
          className="link"
          href="/word/af"
          onClick={[Function]}
          onMouseEnter={[Function]}
          onTouchStart={[Function]}
        >
          af
        </a>
        <ul>
          <li
            className="foundIn"
            dangerouslySetInnerHTML={
              {
                "__html": "<strong>4.</strong> denoting <i>distance;</i> þat er komit af þjóðleið, <i>out of the high road, remote,</i> Eg. 369; af þjóðbraut, Grág. ii. 264, i. 15; Otradalr (a farm) var mjök af vegi, <i>far out of the way,</i> Háv. 53.",
              }
            }
          />
        </ul>
      </div>
    </li>
    <li>
      <div
        className="result"
      >
        <a
          className="link"
          href="/word/af"
          onClick={[Function]}
          onMouseEnter={[Function]}
          onTouchStart={[Function]}
        >
          af
        </a>
        <ul>
          <li
            className="foundIn"
            dangerouslySetInnerHTML={
              {
                "__html": "<strong>4.</strong> denoting <i>distance;</i> þat er komit af þjóðleið, <i>out of the high road, remote,</i> Eg. 369; af þjóðbraut, Grág. ii. 264, i. 15; Otradalr (a farm) var mjök af vegi, <i>far out of the way,</i> Háv. 53.",
              }
            }
          />
        </ul>
      </div>
    </li>
    <li>
      <div
        className="result"
      >
        <a
          className="link"
          href="/word/af"
          onClick={[Function]}
          onMouseEnter={[Function]}
          onTouchStart={[Function]}
        >
          af
        </a>
        <ul>
          <li
            className="foundIn"
            dangerouslySetInnerHTML={
              {
                "__html": "<strong>4.</strong> denoting <i>distance;</i> þat er komit af þjóðleið, <i>out of the high road, remote,</i> Eg. 369; af þjóðbraut, Grág. ii. 264, i. 15; Otradalr (a farm) var mjök af vegi, <i>far out of the way,</i> Háv. 53.",
              }
            }
          />
        </ul>
      </div>
    </li>
  </ul>,
]
`;
