// Jest Snapshot v1, https://goo.gl/fbAQLP

exports[`WordDefinition component Matches snapshot 1`] = `
<article
  className="section"
>
  <header>
    <h1
      lang="non"
    >
      Þrályndi
    </h1>
    <small
      className="subHeading"
    >
      Old Norwegian Dictionary - 
      þrályndi
    </small>
    <p>
      Meaning of Old Norwegian word 
      <em>
        "
        þrályndi
        "
      </em>
       in Norwegian.
    </p>
    <p>
      As defined by the Johan Fritzer's Old Norwegian dictionary:
    </p>
  </header>
  <dl
    className="definitionList"
  >
    <dt>
      <strong>
        þrályndi
      </strong>
    </dt>
    <dd
      className="itemDescription"
      dangerouslySetInnerHTML={
        {
          "__html": "þrályndi, <abbr title="Neutrum.">n.</abbr> d. <abbr title="substantiv.">s.</abbr>; hélt honum aptr fornsiðvenja ok mykyt þrályndi Barl. 12524;Fgrdl. 5816.",
        }
      }
      lang="nor"
    />
  </dl>
  <p>
    <strong>
      Part of speech:
    </strong>
     
    <em>
      n
    </em>
  </p>
  <p>
    Possible runic inscription in 
    <em>
      Medieval Futhork:
    </em>
    <span
      className="rune"
    >
      ᚦᚱᛆᛚᛦᚿᚦᛁ
    </span>
    <br />
    <small>
      Medieval Runes were used in Norway from 11th to 15th centuries.
    </small>
    <br />
    <small>
      Futhork was a continuation of earlier Younger Futhark runes, which were used to write Old Norse.
    </small>
  </p>
  <div
    className="abbreviations"
  >
    <div
      className="column"
    >
      <h4>
        Abbreviations used:
      </h4>
      <dl
        className="wrap"
      >
        <dt
          className="abbreviation"
        >
          <strong>
            n.
          </strong>
        </dt>
        <dd
          className="explanation"
        >
          Neutrum.
        </dd>
      </dl>
      <dl
        className="wrap"
      >
        <dt
          className="abbreviation"
        >
          <strong>
            s.
          </strong>
        </dt>
        <dd
          className="explanation"
        >
          substantiv.
        </dd>
      </dl>
    </div>
  </div>
  <br />
  <h4>
    Also available in related dictionaries:
  </h4>
  <p>
    This headword also appears in dictionaries of other languages related to Old Norwegian.
  </p>
  <ul
    className="list"
  >
    <li
      className="listItem"
    >
      <a
        href="https://old-icelandic.vercel.app/word/fadir"
        rel="noopener noreferrer"
        target="_blank"
      >
        Old Icelandic - Geir Zoëga's Dictionary
      </a>
    </li>
    <li
      className="listItem"
    >
      <a
        href="https://old-swedish-dictionary.vercel.app/word/fadhir"
        rel="noopener noreferrer"
        target="_blank"
      >
        Old Swedish - K.F Söderwall's Dictionary
      </a>
    </li>
  </ul>
</article>
`;
